// Jest Snapshot v1, https://goo.gl/fbAQLP

exports[`<LoginPanel/> renders without crashing 1`] = `
<ContextProvider
  value={
    Object {
      "store": Object {
        "clearActions": [Function],
        "dispatch": [Function],
        "getActions": [Function],
        "getState": [Function],
        "replaceReducer": [Function],
        "subscribe": [Function],
      },
      "storeState": Object {},
    }
  }
>
  <Connect(LoginPanel) />
</ContextProvider>
`;
